2026-06-21 10:39:32,554 DEBUG    root            Loaded Command Group: ['gcloud', 'config']
2026-06-21 10:39:32,583 DEBUG    root            Loaded Command Group: ['gcloud', 'config', 'config_helper']
2026-06-21 10:39:32,586 DEBUG    root            Running [gcloud.config.config-helper] with arguments: [--format: "json", --min-expiry: "1800"]
2026-06-21 10:39:32,586 DEBUG    root            On GCE from disk cache: True
2026-06-21 10:39:32,611 DEBUG    root            Chosen display Format:default json
2026-06-21 10:39:32,612 INFO     root            Display format: "default json"
2026-06-21 10:39:32,673 INFO     ___FILE_ONLY___ {
  "configuration": {
    "active_configuration": "default",
    "properties": {
      "compute": {
        "region": "us-central1"
      },
      "core": {
        "account": "39319986440-compute@developer.gserviceaccount.com",
        "disable_usage_reporting": "True",
        "project": "project-eac74fb9-0e15-492a-ab1",
        "universe_domain": "googleapis.com"
      },
      "dataproc": {
        "region": "us-central1"
      }
    }
  },
  "credential": {
    "access_token": "ya29.c.c0AZ4bNpZPHaFGTfQagvxC4fJr2zm13SfeIgJo2JTYkGewMSaj6hPop2JoRnvo6WULKPe1-VdfmVRQf4KjEYyQbp2YkFFqGgaj8XhsG4mRb_9sfKAMNOsNg7NQfkvv9lBHJIOvrQFds9Sva1ipVqtbYoXDd_vEUNIyiPQJNQGsOErNHgHNcluHPaKtweQkwbIT4_YIGokowfiO31lEIF3P3IWouAkGIG7hQcsjsajy2VXKNRbeNa4mPy72mvuWr7vhUYH14Ord3_-EIy1qNvFC182wmk6nwtdZQP96WDZCHcRMWIeCO_xg25i2fl6VFnn-bhIKQz19arrugvoqnjwY6z52IBJle0xN4VhxyvSBw3VNOSX1GCuK2intgWvs1dzt103xB7ns45R5KurDlEpcTwT415KXJ2n7UznpdkF6XJdJW8F0y7s5sOlXojU9kSidowUziQgSzkXn7nZsMrvftWd3wZkjxkSUmvsp7WlwbQZc3Z79Itg6S1yb0bIfvv6ogJ190f21crlmxRojjvv9xUQ8YMUhMzSz9QZY6k_tJfmzbff-dYiw3Yni6bjWWFh-ty05kfiVm-tf-mmubuUgZg611YF-4rJi_YkMg0ZpWzFjxfpM66Sptxpht88zxkWzS2gFtI3b87zJdcralX_hw4FkbccwbcsFjk3cdwR-YpBhkhf5ysy6a25OBoBzhwQgsMg48bOYgp1teIjq1YVkRwzu_oFoeWVdm2WapZZ18UulrVgO44acOa_k8caty6ZJlFstMnUiUmmcjbZzW_uI00lS1J3_2InOhRneO3qvbp0IdxZeehxuw8XjshYoa7Sjr_zSswh6-16SjIQWsMOgcMhyzM89BIrdlgJeZqsdw4gtyY8fb3U_knb7pJ5XUg-0lOi9iOJmRj3dlgpwmuIBe1MVYWM6gjZ4s5zQ-sWVO77bxtM2OZqrZ1_ZBvukcYncOasfxwkYVRxhooqUoY8f5elqije821S5Qr8Mkm8RXxudoxrtt8al2rc",
    "id_token": "eyJhbGciOiJSUzI1NiIsImtpZCI6IjMwMzViYjg2ZDk5ZjIyZTYxMzQ2N2E2NjgwODI1ZWViMGQ4MTM5YTIiLCJ0eXAiOiJKV1QifQ.eyJhdWQiOiIzMjU1NTk0MDU1OS5hcHBzLmdvb2dsZXVzZXJjb250ZW50LmNvbSIsImF6cCI6IjEwODQ5MzEwOTMzNTM2NjkyNTA3MCIsImV4cCI6MTc4MjA0MTc5NywiaWF0IjoxNzgyMDM4MTk3LCJpc3MiOiJodHRwczovL2FjY291bnRzLmdvb2dsZS5jb20iLCJzdWIiOiIxMDg0OTMxMDkzMzUzNjY5MjUwNzAifQ.tk2nnAqsjITMqY4mJKIjDDHzeZB2FSpTGQ8E2BnvFBwbfrW7-Ggzrp2APlA5iCVuhxlAH3InCu9G_4zLe3FSuLO9MKuU7DIW2rQhPR746gdX1CGxOaKx4fX7KyCQQMJXRuHaQb36tPjT_U3dGVTRZ2ID87dHohTQkCFc84qcQllG3isSCCYBg218lXe2_zxulaKrwIrX4z6AVuxHrLxDPf56F12xpf0Jvncxm4CEVzkGVDwSYd7wLqFlcoNDvFhbDe74QPKfUDcVukvnaHHrHEclQYQwkq9diVkH8e4bKr4K3vbvV04uVlaf98fGQDW6nDZTPJvX0EW-myMkhdWEug",
    "token_expiry": "2026-06-21T11:36:07Z"
  },
  "sentinels": {
    "config_sentinel": "/home/jupyter/.config/gcloud/config_sentinel"
  }
}
2026-06-21 10:39:32,674 INFO     ___FILE_ONLY___ 

2026-06-21 10:39:32,686 DEBUG    root            SDK update checks are disabled.
