2026-06-22 15:05:13,735 DEBUG    root            Loaded Command Group: ['gcloud', 'config']
2026-06-22 15:05:14,821 DEBUG    root            Loaded Command Group: ['gcloud', 'config', 'config_helper']
2026-06-22 15:05:14,824 DEBUG    root            Running [gcloud.config.config-helper] with arguments: [--format: "json", --min-expiry: "1800"]
2026-06-22 15:05:14,824 DEBUG    root            On GCE from disk cache: True
2026-06-22 15:05:15,007 DEBUG    root            On GCE from memory cache: True
2026-06-22 15:05:15,095 DEBUG    root            On GCE from memory cache: True
2026-06-22 15:05:15,153 DEBUG    urllib3.connectionpool Starting new HTTP connection (1): metadata.google.internal:80
2026-06-22 15:05:15,156 DEBUG    urllib3.connectionpool http://metadata.google.internal:80 "GET /computeMetadata/v1/instance/service-accounts/39319986440-compute@developer.gserviceaccount.com/?recursive=true HTTP/1.1" 200 154
2026-06-22 15:05:15,159 DEBUG    urllib3.connectionpool http://metadata.google.internal:80 "GET /computeMetadata/v1/instance/service-accounts/default/token?scopes=https%3A%2F%2Fwww.googleapis.com%2Fauth%2Fcloud-platform%2Chttps%3A%2F%2Fwww.googleapis.com%2Fauth%2Fuserinfo.email HTTP/1.1" 200 869
2026-06-22 15:05:15,179 DEBUG    root            Chosen display Format:default json
2026-06-22 15:05:15,180 INFO     root            Display format: "default json"
2026-06-22 15:05:15,219 INFO     ___FILE_ONLY___ {
  "configuration": {
    "active_configuration": "default",
    "properties": {
      "compute": {
        "region": "us-central1"
      },
      "core": {
        "account": "39319986440-compute@developer.gserviceaccount.com",
        "disable_usage_reporting": "True",
        "project": "project-eac74fb9-0e15-492a-ab1",
        "universe_domain": "googleapis.com"
      },
      "dataproc": {
        "region": "us-central1"
      }
    }
  },
  "credential": {
    "access_token": "ya29.c.c0AZ4bNpYY8I_Vvcx1Ho-JRpzAyz2KeALq-ELagNET7m8bHzmNHIl2cZm7W6ddi7sgB86J107dOcKctPsu9c_UDmJ64q3z-EYHpXpIGXheGFlt_Bq9pjhyRntbcj2iLqPbE2t77WtupAT7JIwtMQNBbeC2bymKwuRNFMs4Dl3YcfCL2cMyQpjsITdtQ5zI14XeWyCUtF2BcyT5IYEcgCFXuvOdPzoX4bYDw-MsgjdLY0YePniGWr2r_5p08csWDXl_nt5l1JcuBtVu2CTecW4D-ycYJlxlcYdW3jh6jXA27tepGzdaiS3N1IlW4l7AMAw6_IaH5gjoubNIoawPp8WeXSVlUu6IQa8LlLXwSNlmD4ouHcN3YnjjhZc67S7DDktCZgAfEvxXqrJdMtlwTVVi5lcT416C1z2B3MrFuFUYvQnRt3xlwX26kc5r3ctpel82u4mWJZ8b3I8trueySzYSeVk6o4Qt5roJ2YYFImoFVVxV7gyfFn1gvwUmiIy6oihbM0WvV64WcJ7Uuvk86YbBbh0s3exp4zyYrrtR1n9yBqsa44SgdRkWI2zIndog-dUUzQ3QuakmtVvQSoyikuW1XyeyBxX9mbhFRm61b07wt93W3xvzqlBumYc5QMhxi1JwknRw8y0a1xtb1zoJzmYR9Q2e_lX8g_s6yXhMa72X8bo-9t58m9wQZroocuSo7Jr-pQSuBnM35kMfWrpmhvw3jmJ0fWM-5UduoSQ6w4SXrwk-tUx-vIy4e_p4_tQhaOXxxbuzqn_wIntFsRl-3t0h8kBrs8hMcO9-Qe7u8ymZiUQrr2yZZoeuy0WZ-5wdqQp8tZft0r3ywoRx-x4k0r-x3Y192M-nkj3-4MUzSQtwu_rVievoysrOS1rR53uiJ4Z8efnBbho0Wii83hXj0q4qUppfOQJbQpz0vJkIa0k2h_Y0pI-6neS_jj1Fm4t8svUg_ez8z0U5kyStfRpBJ3Od6kflbd4jWstu1foVnv5J6QY5_IBfl4RoMoB",
    "id_token": "eyJhbGciOiJSUzI1NiIsImtpZCI6ImQxMjk3OGJhNGMyOWVmMTE1NGEzNGU0ODcwYzdhM2E1MWQyNmRmMTAiLCJ0eXAiOiJKV1QifQ.eyJhdWQiOiIzMjU1NTk0MDU1OS5hcHBzLmdvb2dsZXVzZXJjb250ZW50LmNvbSIsImF6cCI6IjEwODQ5MzEwOTMzNTM2NjkyNTA3MCIsImV4cCI6MTc4MjE0NDMxNSwiaWF0IjoxNzgyMTQwNzE1LCJpc3MiOiJodHRwczovL2FjY291bnRzLmdvb2dsZS5jb20iLCJzdWIiOiIxMDg0OTMxMDkzMzUzNjY5MjUwNzAifQ.Rftl10Hpce00ZZMgMnpqy7uT_rybtY0vZVi2xQmxYX2aGqSZJnSfhJyzCunbTYdxPkjvHR3ut7GoJ_63mfzbUYu7ZEf-a9GCDC0KfvbBQTXYnYMTSO-7O4k1XxcYIVXwvhbmdK2CCVpfDjUidaq-TPyHslXH4VLlW6MJOIzIsBwpFG-48_EdiUo_5BOIQFfu8Dou7Ciak-Aks5BewWnV_aMIhvyvwySqb4AsrnBgc7Dm-LfEIibh7G9jDYqSNY5uhRS4BUG2gfNHWYgJR39k4oLjfPOT9bKoVGhns3CokE6DQmMa0kKTOSxa7Jbk04k-gmkiVif4s5V6L12nqJ3ndA",
    "token_expiry": "2026-06-22T16:03:47Z"
  },
  "sentinels": {
    "config_sentinel": "/home/jupyter/.config/gcloud/config_sentinel"
  }
}
2026-06-22 15:05:15,219 INFO     ___FILE_ONLY___ 

2026-06-22 15:05:15,227 DEBUG    root            SDK update checks are disabled.
