2026-06-22 15:55:43,833 DEBUG    root            Loaded Command Group: ['gcloud', 'auth']
2026-06-22 15:55:43,834 DEBUG    root            Loaded Command Group: ['gcloud', 'auth', 'list']
2026-06-22 15:55:43,837 DEBUG    root            Running [gcloud.auth.list] with arguments: []
2026-06-22 15:55:43,839 DEBUG    root            On GCE from disk cache: True
2026-06-22 15:55:43,848 DEBUG    root            Chosen display Format:    table[title='Credentialed Accounts'](
        status.yesno(yes='*', no=''):label=ACTIVE,
        account
    )
2026-06-22 15:55:43,848 INFO     root            Display format: "    table[title='Credentialed Accounts'](
        status.yesno(yes='*', no=''):label=ACTIVE,
        account
    )"
2026-06-22 15:55:43,886 INFO     ___FILE_ONLY___                   Credentialed Accounts
2026-06-22 15:55:43,886 INFO     ___FILE_ONLY___ 

2026-06-22 15:55:43,886 INFO     ___FILE_ONLY___ ACTIVE
2026-06-22 15:55:43,887 INFO     ___FILE_ONLY___   
2026-06-22 15:55:43,887 INFO     ___FILE_ONLY___ ACCOUNT
2026-06-22 15:55:43,887 INFO     ___FILE_ONLY___ 

2026-06-22 15:55:43,887 INFO     ___FILE_ONLY___ *
2026-06-22 15:55:43,887 INFO     ___FILE_ONLY___        
2026-06-22 15:55:43,887 INFO     ___FILE_ONLY___ 39319986440-compute@developer.gserviceaccount.com
2026-06-22 15:55:43,887 INFO     ___FILE_ONLY___ 

2026-06-22 15:55:43,887 INFO     ___FILE_ONLY___ 
To set the active account, run:
    $ gcloud config set account `ACCOUNT`


2026-06-22 15:55:43,894 DEBUG    root            SDK update checks are disabled.
