2026-06-22 16:03:27,767 DEBUG    root            Loaded Command Group: ['gcloud', 'auth']
2026-06-22 16:03:27,768 DEBUG    root            Loaded Command Group: ['gcloud', 'auth', 'list']
2026-06-22 16:03:27,770 DEBUG    root            Running [gcloud.auth.list] with arguments: []
2026-06-22 16:03:27,772 DEBUG    root            On GCE from disk cache: True
2026-06-22 16:03:27,779 DEBUG    root            Chosen display Format:    table[title='Credentialed Accounts'](
        status.yesno(yes='*', no=''):label=ACTIVE,
        account
    )
2026-06-22 16:03:27,779 INFO     root            Display format: "    table[title='Credentialed Accounts'](
        status.yesno(yes='*', no=''):label=ACTIVE,
        account
    )"
2026-06-22 16:03:27,819 INFO     ___FILE_ONLY___                   Credentialed Accounts
2026-06-22 16:03:27,819 INFO     ___FILE_ONLY___ 

2026-06-22 16:03:27,819 INFO     ___FILE_ONLY___ ACTIVE
2026-06-22 16:03:27,819 INFO     ___FILE_ONLY___   
2026-06-22 16:03:27,819 INFO     ___FILE_ONLY___ ACCOUNT
2026-06-22 16:03:27,819 INFO     ___FILE_ONLY___ 

2026-06-22 16:03:27,819 INFO     ___FILE_ONLY___         
2026-06-22 16:03:27,820 INFO     ___FILE_ONLY___ 39319986440-compute@developer.gserviceaccount.com
2026-06-22 16:03:27,820 INFO     ___FILE_ONLY___ 

2026-06-22 16:03:27,820 INFO     ___FILE_ONLY___ *
2026-06-22 16:03:27,820 INFO     ___FILE_ONLY___        
2026-06-22 16:03:27,820 INFO     ___FILE_ONLY___ akanuragkumar4@gmail.com
2026-06-22 16:03:27,820 INFO     ___FILE_ONLY___ 

2026-06-22 16:03:27,820 INFO     ___FILE_ONLY___ 
To set the active account, run:
    $ gcloud config set account `ACCOUNT`


2026-06-22 16:03:27,827 DEBUG    root            SDK update checks are disabled.
