2026-06-22 16:01:04,357 DEBUG    root            Loaded Command Group: ['gcloud', 'auth']
2026-06-22 16:01:04,376 DEBUG    root            Loaded Command Group: ['gcloud', 'auth', 'login']
2026-06-22 16:01:04,378 DEBUG    root            Running [gcloud.auth.login] with arguments: []
2026-06-22 16:01:04,379 DEBUG    root            On GCE from disk cache: True
2026-06-22 16:01:07,920 DEBUG    root            On GCE from memory cache: True
2026-06-22 16:01:07,922 DEBUG    requests_oauthlib.oauth2_session Generated new state VYHvId2gDm0EqvQ5OUP0X269CCsuFj.
2026-06-22 16:01:07,922 INFO     ___FILE_ONLY___ Go to the following link in your browser, and complete the sign-in prompts:

    https://accounts.google.com/o/oauth2/auth?response_type=code&client_id=32555940559.apps.googleusercontent.com&redirect_uri=https%3A%2F%2Fsdk.cloud.google.com%2Fauthcode.html&scope=openid+https%3A%2F%2Fwww.googleapis.com%2Fauth%2Fuserinfo.email+https%3A%2F%2Fwww.googleapis.com%2Fauth%2Fcloud-platform+https%3A%2F%2Fwww.googleapis.com%2Fauth%2Fappengine.admin+https%3A%2F%2Fwww.googleapis.com%2Fauth%2Fsqlservice.login+https%3A%2F%2Fwww.googleapis.com%2Fauth%2Fcompute+https%3A%2F%2Fwww.googleapis.com%2Fauth%2Faccounts.reauth&state=VYHvId2gDm0EqvQ5OUP0X269CCsuFj&prompt=consent&token_usage=remote&access_type=offline&code_challenge=uduII-qcJQtJd-2iO-9Gy1NMn0q9O7d31feAlFX9q4E&code_challenge_method=S256


2026-06-22 16:02:49,697 DEBUG    requests_oauthlib.oauth2_session Requesting url https://oauth2.googleapis.com/token using method POST.
2026-06-22 16:02:49,697 DEBUG    requests_oauthlib.oauth2_session Supplying headers {b'Accept': b'application/json', b'Content-Type': b'application/x-www-form-urlencoded;charset=UTF-8', b'user-agent': b'google-cloud-sdk gcloud/570.0.0 command/gcloud.auth.login invocation-id/1213a037be9e4a8fbf06994c98b33526 environment/GCE environment-version/None client-os/LINUX client-os-ver/6.1.0 client-pltf-arch/x86_64 interactive/True from-script/False python/3.14.5 term/xterm-256color  (Linux 6.1.0-49-cloud-amd64)'} and data {'grant_type': 'authorization_code', 'client_id': '32555940559.apps.googleusercontent.com', 'client_secret': 'ZmssLNjJy2998hD4CTg2ejr2', 'code': '4/0AdkVLPx1AVCC3_7SKrIbaggndUwOfkmvhLUQPVserOOm13QFVXI4Txyh9WVTOYZestbq3w', 'redirect_uri': 'https://sdk.cloud.google.com/authcode.html', 'code_verifier': 'ome06VUKWjLCZcm_hoRI3fSWCZdHjNTQScIH2zTnhhuHjsctg04wyCcMs.vx-uhAar4Fmv3fqMjg2xaJz2E0SiBNLeqdzx6EFqPVnubhwiVdt1RLIYq6S7El1LkXTsG7'}
2026-06-22 16:02:49,697 DEBUG    requests_oauthlib.oauth2_session Passing through key word arguments {'json': None, 'timeout': None, 'auth': None, 'verify': None, 'proxies': None}.
2026-06-22 16:02:49,698 DEBUG    urllib3.connectionpool Starting new HTTPS connection (1): oauth2.googleapis.com:443
2026-06-22 16:02:49,777 DEBUG    urllib3.connectionpool https://oauth2.googleapis.com:443 "POST /token HTTP/1.1" 200 None
2026-06-22 16:02:49,778 DEBUG    requests_oauthlib.oauth2_session Prepared fetch token request body grant_type=authorization_code&client_id=32555940559.apps.googleusercontent.com&client_secret=ZmssLNjJy2998hD4CTg2ejr2&code=4%2F0AdkVLPx1AVCC3_7SKrIbaggndUwOfkmvhLUQPVserOOm13QFVXI4Txyh9WVTOYZestbq3w&redirect_uri=https%3A%2F%2Fsdk.cloud.google.com%2Fauthcode.html&code_verifier=ome06VUKWjLCZcm_hoRI3fSWCZdHjNTQScIH2zTnhhuHjsctg04wyCcMs.vx-uhAar4Fmv3fqMjg2xaJz2E0SiBNLeqdzx6EFqPVnubhwiVdt1RLIYq6S7El1LkXTsG7
2026-06-22 16:02:49,778 DEBUG    requests_oauthlib.oauth2_session Request to fetch token completed with status 200.
2026-06-22 16:02:49,778 DEBUG    requests_oauthlib.oauth2_session Request headers were {'user-agent': b'google-cloud-sdk gcloud/570.0.0 command/gcloud.auth.login invocation-id/1213a037be9e4a8fbf06994c98b33526 environment/GCE environment-version/None client-os/LINUX client-os-ver/6.1.0 client-pltf-arch/x86_64 interactive/True from-script/False python/3.14.5 term/xterm-256color  (Linux 6.1.0-49-cloud-amd64)', 'Accept-Encoding': 'gzip, deflate, zstd', 'Accept': b'application/json', 'Connection': 'keep-alive', 'Content-Type': b'application/x-www-form-urlencoded;charset=UTF-8', 'Content-Length': '405'}
2026-06-22 16:02:49,778 DEBUG    requests_oauthlib.oauth2_session Request body was grant_type=authorization_code&client_id=32555940559.apps.googleusercontent.com&client_secret=ZmssLNjJy2998hD4CTg2ejr2&code=4%2F0AdkVLPx1AVCC3_7SKrIbaggndUwOfkmvhLUQPVserOOm13QFVXI4Txyh9WVTOYZestbq3w&redirect_uri=https%3A%2F%2Fsdk.cloud.google.com%2Fauthcode.html&code_verifier=ome06VUKWjLCZcm_hoRI3fSWCZdHjNTQScIH2zTnhhuHjsctg04wyCcMs.vx-uhAar4Fmv3fqMjg2xaJz2E0SiBNLeqdzx6EFqPVnubhwiVdt1RLIYq6S7El1LkXTsG7
2026-06-22 16:02:49,778 DEBUG    requests_oauthlib.oauth2_session Response headers were {'Expires': 'Mon, 01 Jan 1990 00:00:00 GMT', 'Pragma': 'no-cache', 'Cache-Control': 'no-cache, no-store, max-age=0, must-revalidate', 'Date': 'Mon, 22 Jun 2026 16:02:49 GMT', 'Content-Type': 'application/json; charset=utf-8', 'Vary': 'Origin, X-Origin, Referer', 'Content-Encoding': 'gzip', 'Server': 'scaffolding on HTTPServer2', 'X-XSS-Protection': '0', 'X-Frame-Options': 'SAMEORIGIN', 'X-Content-Type-Options': 'nosniff', 'Transfer-Encoding': 'chunked'} and content {
  "access_token": "ya29.a0AT3oNZ__359rOajVLW740khbLsW2asOgnixVbYV1CRmcok5muvp445LsTlT249Q9b3OQa_Lqw1nMGGuA7qNsRYW9NuWtwNzzPhNMPuJSHSCNzZbpi2yWJ9ignDXmcSK9EustN3UsfvnVlc5WsmhBLgMxusn0Vworhv5JUG17C4PesJkFz_xWayUMBobI7jR7QMG64Jfc7JG5aCgYKAU8SARESFQHGX2MilyJnvcutAMNcTRXMRGrhPQ0211",
  "expires_in": 3599,
  "refresh_token": "1//04feJD6j3LTHhCgYIARAAGAQSNwF-L9IrzXrL-jOEmz4LIgTqJGpDuYqsGG8bXL9LjB3LVc85FT40U-u9xi5xzOWHR6zbj_LomqQ",
  "scope": "https://www.googleapis.com/auth/accounts.reauth https://www.googleapis.com/auth/appengine.admin https://www.googleapis.com/auth/cloud-platform https://www.googleapis.com/auth/compute https://www.googleapis.com/auth/userinfo.email openid https://www.googleapis.com/auth/sqlservice.login",
  "token_type": "Bearer",
  "id_token": "eyJhbGciOiJSUzI1NiIsImtpZCI6ImQxMjk3OGJhNGMyOWVmMTE1NGEzNGU0ODcwYzdhM2E1MWQyNmRmMTAiLCJ0eXAiOiJKV1QifQ.eyJpc3MiOiJodHRwczovL2FjY291bnRzLmdvb2dsZS5jb20iLCJhenAiOiIzMjU1NTk0MDU1OS5hcHBzLmdvb2dsZXVzZXJjb250ZW50LmNvbSIsImF1ZCI6IjMyNTU1OTQwNTU5LmFwcHMuZ29vZ2xldXNlcmNvbnRlbnQuY29tIiwic3ViIjoiMTAwMDIwNDI0NTUxMzA4MzQ3MTYzIiwiZW1haWwiOiJha2FudXJhZ2t1bWFyNEBnbWFpbC5jb20iLCJlbWFpbF92ZXJpZmllZCI6dHJ1ZSwiYXRfaGFzaCI6IkEya1htYzJ2RUZHb2piTDREMkExZFEiLCJpYXQiOjE3ODIxNDQxNjksImV4cCI6MTc4MjE0Nzc2OX0.NoydxKuCIniWWtttqkkb608ydedoRFaXNp_MW2Z7Y62B9Z0jfkO3caQklKMLutE4oIESDSxiVNY2jWixsajfQIMA6wRVd8nRQWZrQD8Aidoen0TiKKteuZHKfgCzg6YwHRc6_G8AgNDQNPdZhb00X9FX07ubKGhU1utJD2yomvt7C7huRYyH7oceswjSc3kRWQUyjt7LJWEsiHZp_xAhrf1kZ3uvbRrtAPqJwjBNh8zzsb66IPXVZoV70S3x6kV03o0aA_Qfkj8LbRUTcFhv7WQXlSzFUJotC35JlT3iVgpjNJO_HLuZqj56mc6R4Csu20Mo7xphHOjtEroGVfUAaA"
}.
2026-06-22 16:02:49,778 DEBUG    requests_oauthlib.oauth2_session Invoking 0 token response hooks.
2026-06-22 16:02:49,779 DEBUG    requests_oauthlib.oauth2_session Obtained token {'access_token': 'ya29.a0AT3oNZ__359rOajVLW740khbLsW2asOgnixVbYV1CRmcok5muvp445LsTlT249Q9b3OQa_Lqw1nMGGuA7qNsRYW9NuWtwNzzPhNMPuJSHSCNzZbpi2yWJ9ignDXmcSK9EustN3UsfvnVlc5WsmhBLgMxusn0Vworhv5JUG17C4PesJkFz_xWayUMBobI7jR7QMG64Jfc7JG5aCgYKAU8SARESFQHGX2MilyJnvcutAMNcTRXMRGrhPQ0211', 'expires_in': 3599, 'refresh_token': '1//04feJD6j3LTHhCgYIARAAGAQSNwF-L9IrzXrL-jOEmz4LIgTqJGpDuYqsGG8bXL9LjB3LVc85FT40U-u9xi5xzOWHR6zbj_LomqQ', 'scope': ['https://www.googleapis.com/auth/accounts.reauth', 'https://www.googleapis.com/auth/appengine.admin', 'https://www.googleapis.com/auth/cloud-platform', 'https://www.googleapis.com/auth/compute', 'https://www.googleapis.com/auth/userinfo.email', 'openid', 'https://www.googleapis.com/auth/sqlservice.login'], 'token_type': 'Bearer', 'id_token': 'eyJhbGciOiJSUzI1NiIsImtpZCI6ImQxMjk3OGJhNGMyOWVmMTE1NGEzNGU0ODcwYzdhM2E1MWQyNmRmMTAiLCJ0eXAiOiJKV1QifQ.eyJpc3MiOiJodHRwczovL2FjY291bnRzLmdvb2dsZS5jb20iLCJhenAiOiIzMjU1NTk0MDU1OS5hcHBzLmdvb2dsZXVzZXJjb250ZW50LmNvbSIsImF1ZCI6IjMyNTU1OTQwNTU5LmFwcHMuZ29vZ2xldXNlcmNvbnRlbnQuY29tIiwic3ViIjoiMTAwMDIwNDI0NTUxMzA4MzQ3MTYzIiwiZW1haWwiOiJha2FudXJhZ2t1bWFyNEBnbWFpbC5jb20iLCJlbWFpbF92ZXJpZmllZCI6dHJ1ZSwiYXRfaGFzaCI6IkEya1htYzJ2RUZHb2piTDREMkExZFEiLCJpYXQiOjE3ODIxNDQxNjksImV4cCI6MTc4MjE0Nzc2OX0.NoydxKuCIniWWtttqkkb608ydedoRFaXNp_MW2Z7Y62B9Z0jfkO3caQklKMLutE4oIESDSxiVNY2jWixsajfQIMA6wRVd8nRQWZrQD8Aidoen0TiKKteuZHKfgCzg6YwHRc6_G8AgNDQNPdZhb00X9FX07ubKGhU1utJD2yomvt7C7huRYyH7oceswjSc3kRWQUyjt7LJWEsiHZp_xAhrf1kZ3uvbRrtAPqJwjBNh8zzsb66IPXVZoV70S3x6kV03o0aA_Qfkj8LbRUTcFhv7WQXlSzFUJotC35JlT3iVgpjNJO_HLuZqj56mc6R4Csu20Mo7xphHOjtEroGVfUAaA', 'expires_at': 1782147768.7789655}.
2026-06-22 16:02:49,803 INFO     ___FILE_ONLY___ 
You are now logged in as [akanuragkumar4@gmail.com].
Your current project is [project-eac74fb9-0e15-492a-ab1].  You can change this setting by running:
  $ gcloud config set project PROJECT_ID

2026-06-22 16:02:49,804 DEBUG    root            Chosen display Format:none
2026-06-22 16:02:49,805 INFO     root            Display format: "none"
2026-06-22 16:02:49,829 DEBUG    root            SDK update checks are disabled.
