2026-06-22 16:16:21,011 DEBUG    root            Loaded Command Group: ['gcloud', 'projects']
2026-06-22 16:16:21,016 DEBUG    root            Loaded Command Group: ['gcloud', 'projects', 'list']
2026-06-22 16:16:21,018 DEBUG    root            Running [gcloud.projects.list] with arguments: []
2026-06-22 16:16:21,018 INFO     root            client_filter="None" server_filter="None"
2026-06-22 16:16:21,020 DEBUG    root            On GCE from disk cache: True
2026-06-22 16:16:21,022 DEBUG    root            On GCE from memory cache: True
2026-06-22 16:16:21,045 DEBUG    root            Chosen display Format:
    table(
      projectId:sort=1,
      name,
      projectNumber,
      tags.environment:label='ENVIRONMENT'
    )

2026-06-22 16:16:21,046 INFO     root            Display format: "
    table(
      projectId:sort=1,
      name,
      projectNumber,
      tags.environment:label='ENVIRONMENT'
    )
"
2026-06-22 16:16:21,048 DEBUG    urllib3.connectionpool Starting new HTTPS connection (1): cloudresourcemanager.googleapis.com:443
2026-06-22 16:16:21,251 DEBUG    urllib3.connectionpool https://cloudresourcemanager.googleapis.com:443 "GET /v1/projects?alt=json&filter=lifecycleState%3AACTIVE&pageSize=500 HTTP/1.1" 200 None
2026-06-22 16:16:21,292 INFO     ___FILE_ONLY___ PROJECT_ID
2026-06-22 16:16:21,292 INFO     ___FILE_ONLY___                       
2026-06-22 16:16:21,292 INFO     ___FILE_ONLY___ NAME
2026-06-22 16:16:21,292 INFO     ___FILE_ONLY___               
2026-06-22 16:16:21,292 INFO     ___FILE_ONLY___ PROJECT_NUMBER
2026-06-22 16:16:21,293 INFO     ___FILE_ONLY___   
2026-06-22 16:16:21,293 INFO     ___FILE_ONLY___ ENVIRONMENT
2026-06-22 16:16:21,293 INFO     ___FILE_ONLY___ 

2026-06-22 16:16:21,293 INFO     ___FILE_ONLY___ project-eac74fb9-0e15-492a-ab1
2026-06-22 16:16:21,293 INFO     ___FILE_ONLY___   
2026-06-22 16:16:21,293 INFO     ___FILE_ONLY___ My First Project
2026-06-22 16:16:21,293 INFO     ___FILE_ONLY___   
2026-06-22 16:16:21,293 INFO     ___FILE_ONLY___ 39319986440
2026-06-22 16:16:21,293 INFO     ___FILE_ONLY___ 

2026-06-22 16:16:21,300 DEBUG    root            SDK update checks are disabled.
