2026-06-22 17:18:45,065 DEBUG    root            Loaded Command Group: ['gcloud', 'config']
2026-06-22 17:18:45,085 DEBUG    root            Loaded Command Group: ['gcloud', 'config', 'config_helper']
2026-06-22 17:18:45,087 DEBUG    root            Running [gcloud.config.config-helper] with arguments: [--format: "json", --min-expiry: "1800"]
2026-06-22 17:18:45,090 DEBUG    root            On GCE from disk cache: True
2026-06-22 17:18:45,107 DEBUG    root            On GCE from memory cache: True
2026-06-22 17:18:45,112 DEBUG    root            On GCE from memory cache: True
2026-06-22 17:18:45,114 DEBUG    urllib3.connectionpool Starting new HTTPS connection (1): oauth2.googleapis.com:443
2026-06-22 17:18:45,193 DEBUG    urllib3.connectionpool https://oauth2.googleapis.com:443 "POST /token HTTP/1.1" 200 None
2026-06-22 17:18:45,217 DEBUG    root            Chosen display Format:default json
2026-06-22 17:18:45,217 INFO     root            Display format: "default json"
2026-06-22 17:18:45,272 INFO     ___FILE_ONLY___ {
  "configuration": {
    "active_configuration": "default",
    "properties": {
      "compute": {
        "region": "us-central1"
      },
      "core": {
        "account": "akanuragkumar4@gmail.com",
        "disable_usage_reporting": "True",
        "project": "project-eac74fb9-0e15-492a-ab1",
        "universe_domain": "googleapis.com"
      },
      "dataproc": {
        "region": "us-central1"
      }
    }
  },
  "credential": {
    "access_token": "ya29.a0AT3oNZ8Dlzd1yd6PgFKTfnfk8GX7fOjyZ8H6_DKyFqy9HVxFTnMcU5FvZAApmNkOqnzOPlfk45zKLOFhAx5NQlVkKHVFeXXvKaxyHMl54malajd9GIG1xn__rOn0boSUQ1FhO55WGD0EHuyFmrzZTj_Z_dg4Q5JHOfCPzDRuFsB3NHK14iYPPDebq1kVjIPOtQXNvyYHeJ6JaCgYKAaASARESFQHGX2MiF9Wb3CRt92upYgZy0StiQQ0211",
    "id_token": "eyJhbGciOiJSUzI1NiIsImtpZCI6ImQxMjk3OGJhNGMyOWVmMTE1NGEzNGU0ODcwYzdhM2E1MWQyNmRmMTAiLCJ0eXAiOiJKV1QifQ.eyJpc3MiOiJodHRwczovL2FjY291bnRzLmdvb2dsZS5jb20iLCJhenAiOiIzMjU1NTk0MDU1OS5hcHBzLmdvb2dsZXVzZXJjb250ZW50LmNvbSIsImF1ZCI6IjMyNTU1OTQwNTU5LmFwcHMuZ29vZ2xldXNlcmNvbnRlbnQuY29tIiwic3ViIjoiMTAwMDIwNDI0NTUxMzA4MzQ3MTYzIiwiZW1haWwiOiJha2FudXJhZ2t1bWFyNEBnbWFpbC5jb20iLCJlbWFpbF92ZXJpZmllZCI6dHJ1ZSwiYXRfaGFzaCI6Im1COS1tZFdGRHpXTnhEdHpKb2NPbXciLCJpYXQiOjE3ODIxNDg3MjUsImV4cCI6MTc4MjE1MjMyNX0.fPEuP8Xy8uQeO9jXcILKzIzEKD6tM6DMDQkhhhEL4f4tXD5Bt9hocJC9rZhp4avrash7C2IIoIyxcIQ7SPZKZUZa0h7FjZdKuvO3Oya4iYMtt9Bo1m7I3emVvF8L3I-AAl7ctlCbsCy9nYIter1aijX8KHipPBBppf8ZwzTbPZ2irvjmgngiV1puUU5utYBfghGjj8X4azTUdEUqsaUb7Gn6CqlthD3bD1su1uidlOf8EpQjmxEep_cHr0EtA-82UGYvFeF_naHawViHks-i7ZiS7TcDbAdvkT-BNc71xDZJAJubJ5XJLj_vBGEqHl-fycjG7jRAunFkfDqLs-qlHg",
    "token_expiry": "2026-06-22T18:18:44Z"
  },
  "sentinels": {
    "config_sentinel": "/home/jupyter/.config/gcloud/config_sentinel"
  }
}
2026-06-22 17:18:45,272 INFO     ___FILE_ONLY___ 

2026-06-22 17:18:45,281 DEBUG    root            SDK update checks are disabled.
