2026-06-22 17:18:44,294 DEBUG    root            Loaded Command Group: ['gcloud', 'config']
2026-06-22 17:18:44,798 DEBUG    root            Loaded Command Group: ['gcloud', 'config', 'config_helper']
2026-06-22 17:18:44,801 DEBUG    root            Running [gcloud.config.config-helper] with arguments: [--format: "json", --min-expiry: "1800"]
2026-06-22 17:18:44,866 DEBUG    root            On GCE from disk cache: True
2026-06-22 17:18:45,036 DEBUG    root            On GCE from memory cache: True
2026-06-22 17:18:45,042 DEBUG    root            On GCE from memory cache: True
2026-06-22 17:18:45,082 DEBUG    urllib3.connectionpool Starting new HTTPS connection (1): oauth2.googleapis.com:443
2026-06-22 17:18:45,159 DEBUG    urllib3.connectionpool https://oauth2.googleapis.com:443 "POST /token HTTP/1.1" 200 None
2026-06-22 17:18:45,180 DEBUG    root            Chosen display Format:default json
2026-06-22 17:18:45,181 INFO     root            Display format: "default json"
2026-06-22 17:18:45,235 INFO     ___FILE_ONLY___ {
  "configuration": {
    "active_configuration": "default",
    "properties": {
      "compute": {
        "region": "us-central1"
      },
      "core": {
        "account": "akanuragkumar4@gmail.com",
        "disable_usage_reporting": "True",
        "project": "project-eac74fb9-0e15-492a-ab1",
        "universe_domain": "googleapis.com"
      },
      "dataproc": {
        "region": "us-central1"
      }
    }
  },
  "credential": {
    "access_token": "ya29.a0AT3oNZ9ceVy78SjfCz9_Rt_y06p-8_tWQNmwgjlEC9UGf5Kgy9pbmXM65gZTwvZ6ij36XAJobGas5EJpeR7VyyhKpiVP4wOfFL9Epz3Qq9j0Rg35t86k7frk4OVMFhvU7NBdmDK1sgAFNXmfJREqJx-AgonXE-vdWaYVhrTEU_haf_0MR-04cRFAYNxnrwRhNC7OdBSOKiULaCgYKAY4SARESFQHGX2MigXpJ6B4NpaSdf_FiE7ubZA0211",
    "id_token": "eyJhbGciOiJSUzI1NiIsImtpZCI6ImQxMjk3OGJhNGMyOWVmMTE1NGEzNGU0ODcwYzdhM2E1MWQyNmRmMTAiLCJ0eXAiOiJKV1QifQ.eyJpc3MiOiJodHRwczovL2FjY291bnRzLmdvb2dsZS5jb20iLCJhenAiOiIzMjU1NTk0MDU1OS5hcHBzLmdvb2dsZXVzZXJjb250ZW50LmNvbSIsImF1ZCI6IjMyNTU1OTQwNTU5LmFwcHMuZ29vZ2xldXNlcmNvbnRlbnQuY29tIiwic3ViIjoiMTAwMDIwNDI0NTUxMzA4MzQ3MTYzIiwiZW1haWwiOiJha2FudXJhZ2t1bWFyNEBnbWFpbC5jb20iLCJlbWFpbF92ZXJpZmllZCI6dHJ1ZSwiYXRfaGFzaCI6IkYxTWI5aVgxSFdINHM4S0F0Q2Z0QVEiLCJpYXQiOjE3ODIxNDg3MjUsImV4cCI6MTc4MjE1MjMyNX0.pH0Wj-2Nn3Yo8SKekjTG0zh6z_0jBQy96bCQJ1UGW56diVE2w0EC4ctIkWVhm5l6B_7bLV65HauUuyLiA7Yc3NT5yal_mZn6D2gKdqZt39Y9J4-ko9PfxnjWp9yXxzxNcZXBv7Xz2LQqOSoOKSV507p7SBV2qvXFHLv_ugbCWKv6o2g-Bh7UdYgoLT8hVG9os47aKEdQZr63wGw2_PSfz3EfjEbqDNKFiCsz46H43z1KdWQ_AH2hzDIWBjCa42GOTtKBfsvhw-_a-pEFoXdd9OlEZsQ7A58D2_f3Y3N70lteMuMJzpzxXsWJS6nNvxvjZzmUHKfGPa_P1lcUWxAn3A",
    "token_expiry": "2026-06-22T18:18:44Z"
  },
  "sentinels": {
    "config_sentinel": "/home/jupyter/.config/gcloud/config_sentinel"
  }
}
2026-06-22 17:18:45,235 INFO     ___FILE_ONLY___ 

2026-06-22 17:18:45,245 DEBUG    root            SDK update checks are disabled.
